
> Configure project :medialibrary
WARNING: The option setting 'android.builtInKotlin=false' is deprecated.
The current default is 'true'.
It will be removed in version 10.0 of the Android Gradle plugin.
WARNING: The option setting 'android.newDsl=false' is deprecated.
The current default is 'true'.
It will be removed in version 10.0 of the Android Gradle plugin.
WARNING: The option setting 'android.r8.optimizedResourceShrinking=false' is deprecated.
The current default is 'true'.
It will be removed in version 10.0 of the Android Gradle plugin.
WARNING: The option setting 'android.nonFinalResIds=false' is deprecated.
The current default is 'true'.
It will be removed in version 10.0 of the Android Gradle plugin.
[CXX1100] android.ndkVersion is [21.4.7075529] but android.ndkPath /opt/android-sdk/ndk/25.2.9519653 refers to a different version [25.2.9519653].

> Configure project :application:vlc-android
[CXX1100] android.ndkVersion is [21.4.7075529] but android.ndkPath /opt/android-sdk/ndk/25.2.9519653 refers to a different version [25.2.9519653].

> Task :medialibrary:preBuild UP-TO-DATE
> Task :application:moviepedia:preBuild UP-TO-DATE
> Task :medialibrary:preDebugBuild UP-TO-DATE
> Task :application:vlc-android:preBuild UP-TO-DATE
> Task :application:vlc-android:preDebugBuild UP-TO-DATE
> Task :application:moviepedia:preDebugBuild UP-TO-DATE
> Task :application:live-plot-graph:preBuild UP-TO-DATE
> Task :application:live-plot-graph:preDebugBuild UP-TO-DATE
> Task :application:live-plot-graph:packageDebugRenderscript NO-SOURCE
> Task :application:mediadb:preBuild UP-TO-DATE
> Task :application:mediadb:preDebugBuild UP-TO-DATE
> Task :application:mediadb:packageDebugRenderscript NO-SOURCE
> Task :application:resources:preBuild UP-TO-DATE
> Task :application:resources:preDebugBuild UP-TO-DATE
> Task :application:resources:packageDebugRenderscript NO-SOURCE
> Task :application:tools:preBuild UP-TO-DATE
> Task :application:app:preBuild UP-TO-DATE
> Task :application:app:preDebugBuild UP-TO-DATE
> Task :application:app:mergeDebugNativeDebugMetadata NO-SOURCE
> Task :application:app:checkKotlinGradlePluginConfigurationErrors SKIPPED
> Task :application:tools:preDebugBuild UP-TO-DATE
> Task :application:tools:packageDebugRenderscript NO-SOURCE
> Task :application:live-plot-graph:checkKotlinGradlePluginConfigurationErrors SKIPPED
> Task :application:live-plot-graph:generateDebugBuildConfig UP-TO-DATE
> Task :application:live-plot-graph:generateDebugResources UP-TO-DATE
> Task :application:live-plot-graph:packageDebugResources UP-TO-DATE
> Task :application:live-plot-graph:processDebugNavigationResources UP-TO-DATE
> Task :application:live-plot-graph:parseDebugLocalResources UP-TO-DATE
> Task :application:tools:generateDebugResources UP-TO-DATE
> Task :application:tools:packageDebugResources UP-TO-DATE
> Task :application:tools:processDebugNavigationResources UP-TO-DATE
> Task :application:tools:parseDebugLocalResources UP-TO-DATE
> Task :application:live-plot-graph:javaPreCompileDebug UP-TO-DATE
> Task :application:mediadb:checkKotlinGradlePluginConfigurationErrors SKIPPED
> Task :medialibrary:checkDebugAarMetadata UP-TO-DATE
> Task :application:mediadb:generateDebugResources UP-TO-DATE
> Task :medialibrary:compileDebugAidl NO-SOURCE
> Task :application:mediadb:packageDebugResources UP-TO-DATE
> Task :application:mediadb:processDebugNavigationResources UP-TO-DATE
> Task :application:mediadb:parseDebugLocalResources UP-TO-DATE
> Task :medialibrary:compileDebugRenderscript UP-TO-DATE
> Task :application:resources:generateDebugResources UP-TO-DATE
> Task :medialibrary:dataBindingMergeDependencyArtifactsDebug UP-TO-DATE
> Task :medialibrary:generateDebugResources UP-TO-DATE
> Task :application:vlc-android:dataBindingMergeDependencyArtifactsDebug UP-TO-DATE
> Task :application:vlc-android:compileDebugRenderscript UP-TO-DATE
> Task :application:vlc-android:generateDebugResValues UP-TO-DATE
> Task :application:vlc-android:generateDebugResources UP-TO-DATE
> Task :medialibrary:packageDebugResources UP-TO-DATE
> Task :medialibrary:dataBindingGenBaseClassesDebug UP-TO-DATE
> Task :medialibrary:dataBindingTriggerDebug UP-TO-DATE
> Task :medialibrary:processDebugNavigationResources UP-TO-DATE
> Task :application:resources:packageDebugResources UP-TO-DATE
> Task :medialibrary:parseDebugLocalResources UP-TO-DATE
> Task :application:resources:processDebugNavigationResources UP-TO-DATE
> Task :application:vlc-android:packageDebugResources UP-TO-DATE
> Task :application:resources:parseDebugLocalResources UP-TO-DATE
> Task :application:resources:checkKotlinGradlePluginConfigurationErrors SKIPPED
> Task :application:tools:generateDebugRFile UP-TO-DATE
> Task :application:resources:generateDebugBuildConfig UP-TO-DATE
> Task :application:vlc-android:dataBindingGenBaseClassesDebug UP-TO-DATE
> Task :application:tools:checkKotlinGradlePluginConfigurationErrors SKIPPED
> Task :application:tools:generateDebugBuildConfig UP-TO-DATE
> Task :medialibrary:generateDebugRFile UP-TO-DATE
> Task :application:live-plot-graph:generateDebugRFile UP-TO-DATE
> Task :medialibrary:javaPreCompileDebug UP-TO-DATE
> Task :application:mediadb:javaPreCompileDebug UP-TO-DATE
> Task :application:vlc-android:checkKotlinGradlePluginConfigurationErrors SKIPPED
> Task :application:vlc-android:compileDebugAidl UP-TO-DATE
> Task :application:vlc-android:dataBindingTriggerDebug UP-TO-DATE
> Task :application:vlc-android:generateDebugBuildConfig UP-TO-DATE
> Task :application:vlc-android:processDebugNavigationResources UP-TO-DATE
> Task :application:vlc-android:parseDebugLocalResources UP-TO-DATE
> Task :application:moviepedia:generateDebugResources UP-TO-DATE
> Task :application:resources:generateDebugRFile UP-TO-DATE
> Task :application:moviepedia:packageDebugResources UP-TO-DATE
> Task :application:resources:javaPreCompileDebug UP-TO-DATE
> Task :application:moviepedia:checkKotlinGradlePluginConfigurationErrors SKIPPED
> Task :application:moviepedia:dataBindingTriggerDebug UP-TO-DATE
> Task :application:moviepedia:generateDebugBuildConfig UP-TO-DATE
> Task :application:moviepedia:processDebugNavigationResources UP-TO-DATE
> Task :medialibrary:compileDebugJavaWithJavac UP-TO-DATE
> Task :application:moviepedia:parseDebugLocalResources UP-TO-DATE
> Task :medialibrary:mergeDebugJniLibFolders UP-TO-DATE
> Task :medialibrary:mergeDebugNativeLibs NO-SOURCE
> Task :medialibrary:stripDebugDebugSymbols NO-SOURCE
> Task :medialibrary:copyDebugJniLibsProjectAndLocalJars UP-TO-DATE
> Task :application:mediadb:generateDebugRFile UP-TO-DATE
> Task :application:remote-access-client:checkKotlinGradlePluginConfigurationErrors SKIPPED
> Task :application:remote-access-client:webCopy NO-SOURCE
> Task :application:remote-access-client:preBuild UP-TO-DATE
> Task :application:remote-access-client:preDebugBuild UP-TO-DATE
> Task :application:remote-access-client:generateDebugResValues UP-TO-DATE
> Task :application:remote-access-client:generateDebugResources UP-TO-DATE
> Task :application:remote-access-client:packageDebugResources UP-TO-DATE
> Task :application:remote-access-client:processDebugNavigationResources UP-TO-DATE
> Task :medialibrary:extractDebugAnnotations UP-TO-DATE
> Task :application:remote-access-client:parseDebugLocalResources UP-TO-DATE
> Task :medialibrary:extractDeepLinksForAarDebug UP-TO-DATE
> Task :medialibrary:generateDebugAssets UP-TO-DATE
> Task :medialibrary:mergeDebugAssets UP-TO-DATE
> Task :medialibrary:mergeDebugGeneratedProguardFiles UP-TO-DATE
> Task :application:remote-access-client:generateDebugRFile UP-TO-DATE
> Task :medialibrary:mergeDebugConsumerProguardFiles UP-TO-DATE
> Task :medialibrary:packageDebugRenderscript UP-TO-DATE
> Task :medialibrary:prepareDebugArtProfile UP-TO-DATE
> Task :application:remote-access-client:compileDebugKotlin NO-SOURCE
> Task :application:remote-access-client:javaPreCompileDebug UP-TO-DATE
> Task :application:remote-access-client:compileDebugJavaWithJavac NO-SOURCE
> Task :medialibrary:prepareLintJarForPublish UP-TO-DATE
> Task :medialibrary:processDebugManifest UP-TO-DATE
> Task :application:remote-access-client:bundleLibCompileToJarDebug UP-TO-DATE
> Task :application:remote-access-server:checkKotlinGradlePluginConfigurationErrors SKIPPED
> Task :application:remote-access-server:preBuild UP-TO-DATE
> Task :application:remote-access-server:preDebugBuild UP-TO-DATE
> Task :application:remote-access-server:generateDebugResources UP-TO-DATE
> Task :medialibrary:processDebugJavaRes UP-TO-DATE
> Task :application:tools:compileDebugKotlin UP-TO-DATE
> Task :application:tools:javaPreCompileDebug UP-TO-DATE
> Task :medialibrary:mergeDebugJavaResource UP-TO-DATE
> Task :application:remote-access-server:packageDebugResources UP-TO-DATE
> Task :application:remote-access-server:dataBindingTriggerDebug UP-TO-DATE
> Task :application:remote-access-server:generateDebugBuildConfig UP-TO-DATE
> Task :medialibrary:syncDebugLibJars UP-TO-DATE
> Task :application:remote-access-server:processDebugNavigationResources UP-TO-DATE
> Task :medialibrary:writeDebugAarMetadata UP-TO-DATE
> Task :application:tools:compileDebugJavaWithJavac UP-TO-DATE
> Task :application:tools:bundleLibCompileToJarDebug UP-TO-DATE
> Task :application:remote-access-server:parseDebugLocalResources UP-TO-DATE
> Task :medialibrary:bundleDebugAar UP-TO-DATE
> Task :medialibrary:assembleDebug UP-TO-DATE
> Task :application:remote-access-server:javaPreCompileDebug UP-TO-DATE
> Task :application:moviepedia:javaPreCompileDebug UP-TO-DATE
> Task :application:television:checkKotlinGradlePluginConfigurationErrors SKIPPED
> Task :application:television:preBuild UP-TO-DATE
> Task :application:television:preDebugBuild UP-TO-DATE
> Task :application:television:generateDebugResources UP-TO-DATE
> Task :application:television:packageDebugResources UP-TO-DATE
> Task :application:television:dataBindingTriggerDebug UP-TO-DATE
> Task :application:television:processDebugNavigationResources UP-TO-DATE
> Task :application:television:parseDebugLocalResources UP-TO-DATE
> Task :application:television:javaPreCompileDebug UP-TO-DATE
> Task :application:app:generateDebugResources UP-TO-DATE
> Task :application:live-plot-graph:compileDebugKotlin UP-TO-DATE
> Task :application:vlc-android:javaPreCompileDebug UP-TO-DATE
> Task :application:live-plot-graph:compileDebugJavaWithJavac UP-TO-DATE
> Task :application:live-plot-graph:bundleLibCompileToJarDebug UP-TO-DATE
> Task :application:live-plot-graph:generateDebugAssets UP-TO-DATE
> Task :application:live-plot-graph:mergeDebugAssets UP-TO-DATE
> Task :application:mediadb:generateDebugAssets UP-TO-DATE
> Task :application:app:mergeDebugResources UP-TO-DATE
> Task :application:app:dataBindingTriggerDebug UP-TO-DATE
> Task :application:mediadb:mergeDebugAssets UP-TO-DATE
> Task :application:moviepedia:generateDebugAssets UP-TO-DATE
> Task :application:moviepedia:mergeDebugAssets UP-TO-DATE
> Task :application:remote-access-client:generateDebugAssets UP-TO-DATE
> Task :application:remote-access-client:mergeDebugAssets UP-TO-DATE
> Task :application:app:packageDebugResources UP-TO-DATE
> Task :application:remote-access-server:generateDebugAssets UP-TO-DATE
> Task :application:remote-access-server:mergeDebugAssets UP-TO-DATE
> Task :application:television:generateDebugAssets UP-TO-DATE
> Task :application:television:mergeDebugAssets UP-TO-DATE
> Task :application:tools:generateDebugAssets UP-TO-DATE
> Task :application:tools:mergeDebugAssets UP-TO-DATE
> Task :application:live-plot-graph:processDebugJavaRes UP-TO-DATE
> Task :application:vlc-android:generateDebugRFile UP-TO-DATE
> Task :application:moviepedia:generateDebugRFile UP-TO-DATE
> Task :application:remote-access-server:generateDebugRFile UP-TO-DATE
> Task :application:vlc-android:generateDebugAssets UP-TO-DATE
> Task :application:vlc-android:mergeDebugAssets UP-TO-DATE
> Task :application:television:generateDebugRFile UP-TO-DATE
> Task :application:remote-access-client:processDebugJavaRes NO-SOURCE
> Task :application:tools:processDebugJavaRes UP-TO-DATE
> Task :application:live-plot-graph:bundleLibRuntimeToJarDebug UP-TO-DATE
> Task :application:remote-access-client:bundleLibRuntimeToJarDebug UP-TO-DATE
> Task :application:live-plot-graph:writeDebugAarMetadata UP-TO-DATE
> Task :application:mediadb:writeDebugAarMetadata UP-TO-DATE
> Task :application:moviepedia:writeDebugAarMetadata UP-TO-DATE
> Task :application:remote-access-client:writeDebugAarMetadata UP-TO-DATE
> Task :application:remote-access-server:writeDebugAarMetadata UP-TO-DATE
> Task :application:television:writeDebugAarMetadata UP-TO-DATE
> Task :application:vlc-android:writeDebugAarMetadata UP-TO-DATE
> Task :application:tools:bundleLibRuntimeToJarDebug UP-TO-DATE
> Task :application:live-plot-graph:extractDeepLinksDebug UP-TO-DATE
> Task :application:resources:compileDebugKotlin UP-TO-DATE
> Task :application:tools:writeDebugAarMetadata UP-TO-DATE
> Task :application:live-plot-graph:processDebugManifest UP-TO-DATE
> Task :application:mediadb:extractDeepLinksDebug UP-TO-DATE
> Task :application:resources:compileDebugJavaWithJavac UP-TO-DATE
> Task :application:mediadb:processDebugManifest UP-TO-DATE
> Task :application:resources:bundleLibCompileToJarDebug UP-TO-DATE
> Task :application:moviepedia:extractDeepLinksDebug UP-TO-DATE
> Task :application:resources:generateDebugAssets UP-TO-DATE
> Task :application:resources:mergeDebugAssets UP-TO-DATE
> Task :application:resources:processDebugJavaRes UP-TO-DATE
> Task :application:resources:bundleLibRuntimeToJarDebug UP-TO-DATE
> Task :application:resources:writeDebugAarMetadata UP-TO-DATE
> Task :application:moviepedia:processDebugManifest UP-TO-DATE
> Task :application:remote-access-client:extractDeepLinksDebug UP-TO-DATE
> Task :application:remote-access-server:extractDeepLinksDebug UP-TO-DATE
> Task :application:remote-access-client:processDebugManifest UP-TO-DATE
> Task :application:remote-access-server:processDebugManifest UP-TO-DATE
> Task :application:resources:extractDeepLinksDebug UP-TO-DATE
> Task :application:television:extractDeepLinksDebug UP-TO-DATE
> Task :application:television:processDebugManifest UP-TO-DATE
> Task :application:tools:extractDeepLinksDebug UP-TO-DATE
> Task :application:resources:processDebugManifest UP-TO-DATE
> Task :application:vlc-android:extractDeepLinksDebug UP-TO-DATE
> Task :application:tools:processDebugManifest UP-TO-DATE
> Task :application:app:processDebugNavigationResources UP-TO-DATE
> Task :application:live-plot-graph:mapDebugSourceSetPaths UP-TO-DATE
> Task :application:vlc-android:processDebugManifest UP-TO-DATE
> Task :application:live-plot-graph:compileDebugLibraryResources UP-TO-DATE
> Task :application:moviepedia:mapDebugSourceSetPaths UP-TO-DATE
> Task :application:remote-access-client:mapDebugSourceSetPaths UP-TO-DATE
> Task :application:app:parseDebugLocalResources UP-TO-DATE
> Task :application:mediadb:kspDebugKotlin UP-TO-DATE
> Task :application:moviepedia:compileDebugLibraryResources UP-TO-DATE
> Task :application:remote-access-client:compileDebugLibraryResources UP-TO-DATE
> Task :application:remote-access-server:mapDebugSourceSetPaths UP-TO-DATE
> Task :application:app:generateDebugRFile UP-TO-DATE
> Task :application:remote-access-server:compileDebugLibraryResources UP-TO-DATE
> Task :application:app:javaPreCompileDebug UP-TO-DATE
> Task :application:app:generateDebugAssets UP-TO-DATE
> Task :application:resources:mapDebugSourceSetPaths UP-TO-DATE
> Task :application:app:mergeDebugAssets UP-TO-DATE
> Task :application:mediadb:compileDebugKotlin UP-TO-DATE
> Task :application:app:compressDebugAssets UP-TO-DATE
> Task :application:resources:compileDebugLibraryResources UP-TO-DATE
> Task :application:television:mapDebugSourceSetPaths UP-TO-DATE
> Task :application:tools:mapDebugSourceSetPaths UP-TO-DATE
> Task :application:app:l8DexDesugarLibDebug UP-TO-DATE
> Task :application:mediadb:compileDebugJavaWithJavac UP-TO-DATE
> Task :application:television:compileDebugLibraryResources UP-TO-DATE
> Task :application:mediadb:bundleLibCompileToJarDebug UP-TO-DATE
> Task :application:mediadb:processDebugJavaRes UP-TO-DATE
> Task :application:tools:compileDebugLibraryResources UP-TO-DATE
> Task :application:mediadb:bundleLibRuntimeToJarDebug UP-TO-DATE
> Task :application:live-plot-graph:mergeDebugJniLibFolders UP-TO-DATE
> Task :application:live-plot-graph:mergeDebugNativeLibs NO-SOURCE
> Task :application:mediadb:mapDebugSourceSetPaths UP-TO-DATE
> Task :application:live-plot-graph:copyDebugJniLibsProjectOnly UP-TO-DATE
> Task :application:mediadb:compileDebugLibraryResources UP-TO-DATE
> Task :application:moviepedia:mergeDebugJniLibFolders UP-TO-DATE
> Task :application:moviepedia:mergeDebugNativeLibs NO-SOURCE
> Task :application:mediadb:mergeDebugJniLibFolders UP-TO-DATE
> Task :application:mediadb:mergeDebugNativeLibs NO-SOURCE
> Task :application:moviepedia:copyDebugJniLibsProjectOnly UP-TO-DATE
> Task :application:mediadb:copyDebugJniLibsProjectOnly UP-TO-DATE
> Task :application:remote-access-client:mergeDebugJniLibFolders UP-TO-DATE
> Task :application:remote-access-server:mergeDebugJniLibFolders UP-TO-DATE
> Task :application:remote-access-client:mergeDebugNativeLibs NO-SOURCE
> Task :application:remote-access-server:mergeDebugNativeLibs NO-SOURCE
> Task :application:remote-access-server:copyDebugJniLibsProjectOnly UP-TO-DATE
> Task :application:remote-access-client:copyDebugJniLibsProjectOnly UP-TO-DATE
> Task :application:resources:mergeDebugJniLibFolders UP-TO-DATE
> Task :application:television:mergeDebugJniLibFolders UP-TO-DATE
> Task :application:television:mergeDebugNativeLibs NO-SOURCE
> Task :application:resources:mergeDebugNativeLibs NO-SOURCE
> Task :application:resources:copyDebugJniLibsProjectOnly UP-TO-DATE
> Task :application:television:copyDebugJniLibsProjectOnly UP-TO-DATE
> Task :application:donations:preBuild UP-TO-DATE
> Task :application:donations:preDebugBuild UP-TO-DATE
> Task :application:tools:mergeDebugJniLibFolders UP-TO-DATE
> Task :application:tools:mergeDebugNativeLibs NO-SOURCE
> Task :application:tools:copyDebugJniLibsProjectOnly UP-TO-DATE
> Task :application:vlc-android:kspDebugKotlin UP-TO-DATE
> Task :application:donations:checkDebugAarMetadata UP-TO-DATE
> Task :application:live-plot-graph:checkDebugAarMetadata UP-TO-DATE
> Task :application:live-plot-graph:stripDebugDebugSymbols NO-SOURCE
> Task :application:live-plot-graph:copyDebugJniLibsProjectAndLocalJars UP-TO-DATE
> Task :application:live-plot-graph:extractDebugAnnotations UP-TO-DATE
> Task :application:live-plot-graph:extractDeepLinksForAarDebug UP-TO-DATE
> Task :application:live-plot-graph:mergeDebugGeneratedProguardFiles UP-TO-DATE
> Task :application:donations:compileDebugAidl UP-TO-DATE
> Task :application:donations:checkKotlinGradlePluginConfigurationErrors SKIPPED
> Task :application:live-plot-graph:mergeDebugConsumerProguardFiles UP-TO-DATE
> Task :application:live-plot-graph:prepareDebugArtProfile UP-TO-DATE
> Task :application:live-plot-graph:prepareLintJarForPublish UP-TO-DATE
> Task :application:donations:dataBindingMergeDependencyArtifactsDebug UP-TO-DATE
> Task :application:donations:generateDebugResources UP-TO-DATE
> Task :application:live-plot-graph:mergeDebugJavaResource UP-TO-DATE
> Task :application:live-plot-graph:syncDebugLibJars UP-TO-DATE
> Task :application:live-plot-graph:bundleDebugAar UP-TO-DATE
> Task :application:live-plot-graph:assembleDebug UP-TO-DATE
> Task :application:donations:packageDebugResources UP-TO-DATE
> Task :application:donations:dataBindingGenBaseClassesDebug UP-TO-DATE
> Task :application:donations:dataBindingTriggerDebug UP-TO-DATE
> Task :application:mediadb:checkDebugAarMetadata UP-TO-DATE
> Task :application:mediadb:stripDebugDebugSymbols NO-SOURCE
> Task :application:donations:generateDebugBuildConfig UP-TO-DATE
> Task :application:donations:processDebugNavigationResources UP-TO-DATE
> Task :application:mediadb:copyDebugJniLibsProjectAndLocalJars UP-TO-DATE
> Task :application:donations:parseDebugLocalResources UP-TO-DATE
> Task :application:mediadb:extractDebugAnnotations UP-TO-DATE
> Task :application:mediadb:extractDeepLinksForAarDebug UP-TO-DATE
> Task :application:donations:generateDebugRFile UP-TO-DATE
> Task :application:mediadb:mergeDebugGeneratedProguardFiles UP-TO-DATE
> Task :application:vlc-android:kaptGenerateStubsDebugKotlin UP-TO-DATE
> Task :application:mediadb:mergeDebugConsumerProguardFiles UP-TO-DATE
> Task :application:mediadb:prepareDebugArtProfile UP-TO-DATE
> Task :application:mediadb:prepareLintJarForPublish UP-TO-DATE
> Task :application:mediadb:mergeDebugJavaResource UP-TO-DATE
> Task :application:mediadb:syncDebugLibJars UP-TO-DATE
> Task :application:mediadb:bundleDebugAar UP-TO-DATE
> Task :application:mediadb:assembleDebug UP-TO-DATE
> Task :application:moviepedia:checkDebugAarMetadata UP-TO-DATE
> Task :application:moviepedia:stripDebugDebugSymbols NO-SOURCE
> Task :application:moviepedia:copyDebugJniLibsProjectAndLocalJars UP-TO-DATE
> Task :application:moviepedia:extractDeepLinksForAarDebug UP-TO-DATE
> Task :application:donations:compileDebugKotlin UP-TO-DATE
> Task :application:moviepedia:prepareDebugArtProfile UP-TO-DATE
> Task :application:moviepedia:prepareLintJarForPublish UP-TO-DATE
> Task :application:donations:javaPreCompileDebug UP-TO-DATE
> Task :application:remote-access-client:checkDebugAarMetadata UP-TO-DATE
> Task :application:remote-access-client:stripDebugDebugSymbols NO-SOURCE
> Task :application:remote-access-client:copyDebugJniLibsProjectAndLocalJars UP-TO-DATE
> Task :application:app:checkDebugDuplicateClasses UP-TO-DATE
> Task :application:donations:compileDebugJavaWithJavac UP-TO-DATE
> Task :application:donations:mergeDebugJniLibFolders UP-TO-DATE
> Task :application:donations:mergeDebugNativeLibs NO-SOURCE
> Task :application:donations:stripDebugDebugSymbols NO-SOURCE
> Task :application:donations:copyDebugJniLibsProjectAndLocalJars UP-TO-DATE
> Task :application:remote-access-client:extractDebugAnnotations UP-TO-DATE
> Task :application:vlc-android:kaptDebugKotlin UP-TO-DATE
> Task :application:remote-access-client:extractDeepLinksForAarDebug UP-TO-DATE
> Task :application:moviepedia:dataBindingMergeDependencyArtifactsDebug UP-TO-DATE
> Task :application:app:desugarDebugFileDependencies UP-TO-DATE
> Task :application:donations:extractDebugAnnotations UP-TO-DATE
> Task :application:moviepedia:dataBindingGenBaseClassesDebug UP-TO-DATE
> Task :application:donations:extractDeepLinksForAarDebug UP-TO-DATE
> Task :application:donations:generateDebugAssets UP-TO-DATE
> Task :application:donations:mergeDebugAssets UP-TO-DATE
> Task :application:donations:mergeDebugGeneratedProguardFiles UP-TO-DATE
> Task :application:donations:mergeDebugConsumerProguardFiles UP-TO-DATE
> Task :application:donations:prepareDebugArtProfile UP-TO-DATE
> Task :application:app:checkDebugAarMetadata UP-TO-DATE
> Task :application:app:mapDebugSourceSetPaths UP-TO-DATE
> Task :application:donations:prepareLintJarForPublish UP-TO-DATE
> Task :application:vlc-android:compileDebugKotlin UP-TO-DATE
> Task :application:app:compileDebugNavigationResources UP-TO-DATE
> Task :application:app:createDebugCompatibleScreenManifests UP-TO-DATE
> Task :application:donations:processDebugManifest UP-TO-DATE
> Task :application:remote-access-server:dataBindingMergeDependencyArtifactsDebug UP-TO-DATE
> Task :application:app:extractDeepLinksDebug UP-TO-DATE
> Task :application:remote-access-server:dataBindingGenBaseClassesDebug UP-TO-DATE
> Task :application:remote-access-client:mergeDebugGeneratedProguardFiles UP-TO-DATE
> Task :application:donations:processDebugJavaRes UP-TO-DATE
> Task :application:remote-access-client:mergeDebugConsumerProguardFiles UP-TO-DATE
> Task :application:vlc-android:compileDebugJavaWithJavac UP-TO-DATE
> Task :application:remote-access-client:prepareDebugArtProfile UP-TO-DATE
> Task :application:vlc-android:bundleLibCompileToJarDebug UP-TO-DATE
> Task :application:donations:mergeDebugJavaResource UP-TO-DATE
> Task :application:app:processDebugMainManifest UP-TO-DATE
> Task :application:app:processDebugManifest UP-TO-DATE
> Task :application:app:processDebugManifestForPackage UP-TO-DATE
> Task :application:app:mergeDebugJniLibFolders UP-TO-DATE
> Task :application:app:validateSigningDebug UP-TO-DATE
> Task :application:moviepedia:kspDebugKotlin UP-TO-DATE
> Task :application:vlc-android:processDebugJavaRes UP-TO-DATE
> Task :application:app:writeDebugAppMetadata UP-TO-DATE
> Task :application:vlc-android:bundleLibRuntimeToJarDebug UP-TO-DATE
> Task :application:app:writeDebugSigningConfigVersions UP-TO-DATE
> Task :application:vlc-android:mapDebugSourceSetPaths UP-TO-DATE
> Task :application:donations:syncDebugLibJars UP-TO-DATE
> Task :application:donations:writeDebugAarMetadata UP-TO-DATE
> Task :application:vlc-android:compileDebugLibraryResources UP-TO-DATE
> Task :application:donations:bundleDebugAar UP-TO-DATE
> Task :application:moviepedia:kaptGenerateStubsDebugKotlin UP-TO-DATE
> Task :application:vlc-android:mergeDebugJniLibFolders UP-TO-DATE
> Task :application:vlc-android:mergeDebugNativeLibs NO-SOURCE
> Task :application:vlc-android:copyDebugJniLibsProjectOnly UP-TO-DATE
> Task :application:donations:assembleDebug UP-TO-DATE
> Task :application:remote-access-client:prepareLintJarForPublish UP-TO-DATE
> Task :application:remote-access-client:mergeDebugJavaResource UP-TO-DATE
> Task :application:moviepedia:kaptDebugKotlin UP-TO-DATE
> Task :application:remote-access-server:compileDebugKotlin UP-TO-DATE
> Task :application:remote-access-server:compileDebugJavaWithJavac UP-TO-DATE
> Task :application:moviepedia:compileDebugKotlin UP-TO-DATE
> Task :application:television:dataBindingMergeDependencyArtifactsDebug UP-TO-DATE
> Task :application:remote-access-server:bundleLibCompileToJarDebug UP-TO-DATE
> Task :application:television:dataBindingGenBaseClassesDebug UP-TO-DATE
> Task :application:remote-access-server:processDebugJavaRes UP-TO-DATE
> Task :application:remote-access-server:bundleLibRuntimeToJarDebug UP-TO-DATE
> Task :application:moviepedia:compileDebugJavaWithJavac UP-TO-DATE
> Task :application:moviepedia:bundleLibCompileToJarDebug UP-TO-DATE
> Task :application:television:kspDebugKotlin SKIPPED
> Task :application:moviepedia:processDebugJavaRes UP-TO-DATE
> Task :application:remote-access-client:syncDebugLibJars UP-TO-DATE
> Task :application:moviepedia:bundleLibRuntimeToJarDebug UP-TO-DATE
> Task :application:remote-access-client:bundleDebugAar UP-TO-DATE
> Task :application:remote-access-client:assembleDebug UP-TO-DATE
> Task :application:moviepedia:extractDebugAnnotations UP-TO-DATE
> Task :application:moviepedia:mergeDebugGeneratedProguardFiles UP-TO-DATE
> Task :application:moviepedia:mergeDebugConsumerProguardFiles UP-TO-DATE
> Task :application:moviepedia:mergeDebugJavaResource UP-TO-DATE
> Task :application:remote-access-server:checkDebugAarMetadata UP-TO-DATE
> Task :application:remote-access-server:stripDebugDebugSymbols NO-SOURCE
> Task :application:moviepedia:syncDebugLibJars UP-TO-DATE
> Task :application:moviepedia:bundleDebugAar UP-TO-DATE
> Task :application:moviepedia:assembleDebug UP-TO-DATE
> Task :application:remote-access-server:copyDebugJniLibsProjectAndLocalJars UP-TO-DATE
> Task :application:television:compileDebugKotlin UP-TO-DATE
> Task :application:remote-access-server:extractDebugAnnotations UP-TO-DATE
> Task :application:television:compileDebugJavaWithJavac UP-TO-DATE
> Task :application:resources:checkDebugAarMetadata UP-TO-DATE
> Task :application:remote-access-server:extractDeepLinksForAarDebug UP-TO-DATE
> Task :application:remote-access-server:mergeDebugGeneratedProguardFiles UP-TO-DATE
> Task :application:television:bundleLibCompileToJarDebug UP-TO-DATE
> Task :application:remote-access-server:mergeDebugConsumerProguardFiles UP-TO-DATE
> Task :application:resources:stripDebugDebugSymbols NO-SOURCE
> Task :application:remote-access-server:prepareDebugArtProfile UP-TO-DATE
> Task :application:television:processDebugJavaRes UP-TO-DATE
> Task :application:television:bundleLibRuntimeToJarDebug UP-TO-DATE
> Task :application:remote-access-server:prepareLintJarForPublish UP-TO-DATE
> Task :application:television:checkDebugAarMetadata UP-TO-DATE
> Task :application:television:stripDebugDebugSymbols NO-SOURCE
> Task :application:television:copyDebugJniLibsProjectAndLocalJars UP-TO-DATE
> Task :application:television:extractDebugAnnotations UP-TO-DATE
> Task :application:television:extractDeepLinksForAarDebug UP-TO-DATE
> Task :application:television:mergeDebugGeneratedProguardFiles UP-TO-DATE
> Task :application:television:mergeDebugConsumerProguardFiles UP-TO-DATE
> Task :application:television:prepareDebugArtProfile UP-TO-DATE
> Task :application:television:prepareLintJarForPublish UP-TO-DATE
> Task :application:television:mergeDebugJavaResource UP-TO-DATE
> Task :application:television:syncDebugLibJars UP-TO-DATE
> Task :application:television:bundleDebugAar UP-TO-DATE
> Task :application:television:assembleDebug UP-TO-DATE
> Task :application:resources:copyDebugJniLibsProjectAndLocalJars UP-TO-DATE
> Task :application:remote-access-server:mergeDebugJavaResource UP-TO-DATE
> Task :application:remote-access-server:syncDebugLibJars UP-TO-DATE
> Task :application:remote-access-server:bundleDebugAar UP-TO-DATE
> Task :application:remote-access-server:assembleDebug UP-TO-DATE
> Task :application:tools:checkDebugAarMetadata UP-TO-DATE
> Task :application:tools:stripDebugDebugSymbols NO-SOURCE
> Task :application:tools:copyDebugJniLibsProjectAndLocalJars UP-TO-DATE
> Task :application:vlc-android:checkDebugAarMetadata UP-TO-DATE
> Task :application:vlc-android:stripDebugDebugSymbols NO-SOURCE
> Task :application:vlc-android:copyDebugJniLibsProjectAndLocalJars UP-TO-DATE
> Task :application:resources:extractDebugAnnotations UP-TO-DATE
> Task :application:resources:extractDeepLinksForAarDebug UP-TO-DATE
> Task :application:resources:mergeDebugGeneratedProguardFiles UP-TO-DATE
> Task :application:tools:extractDebugAnnotations UP-TO-DATE
> Task :application:resources:mergeDebugConsumerProguardFiles UP-TO-DATE
> Task :application:tools:extractDeepLinksForAarDebug UP-TO-DATE
> Task :application:tools:mergeDebugGeneratedProguardFiles UP-TO-DATE
> Task :application:tools:mergeDebugConsumerProguardFiles UP-TO-DATE
> Task :application:vlc-android:extractDebugAnnotations UP-TO-DATE
> Task :application:tools:prepareDebugArtProfile UP-TO-DATE
> Task :application:vlc-android:extractDeepLinksForAarDebug UP-TO-DATE
> Task :application:tools:prepareLintJarForPublish UP-TO-DATE
> Task :application:vlc-android:mergeDebugGeneratedProguardFiles UP-TO-DATE
> Task :application:vlc-android:mergeDebugConsumerProguardFiles UP-TO-DATE
> Task :application:tools:mergeDebugJavaResource UP-TO-DATE
> Task :application:tools:syncDebugLibJars UP-TO-DATE
> Task :application:vlc-android:packageDebugRenderscript UP-TO-DATE
> Task :application:vlc-android:prepareDebugArtProfile UP-TO-DATE
> Task :application:tools:bundleDebugAar UP-TO-DATE
> Task :application:tools:assembleDebug UP-TO-DATE
> Task :application:vlc-android:prepareLintJarForPublish UP-TO-DATE
> Task :libvlcjni:libvlc:preBuild UP-TO-DATE
> Task :libvlcjni:libvlc:preDebugBuild UP-TO-DATE
> Task :application:vlc-android:mergeDebugJavaResource UP-TO-DATE
> Task :application:vlc-android:syncDebugLibJars UP-TO-DATE
> Task :application:vlc-android:bundleDebugAar UP-TO-DATE
> Task :application:vlc-android:assembleDebug UP-TO-DATE
> Task :libvlcjni:libvlc:checkDebugAarMetadata UP-TO-DATE
> Task :libvlcjni:libvlc:hrtfsCopy UP-TO-DATE
> Task :libvlcjni:libvlc:luaMetaCopy UP-TO-DATE
> Task :libvlcjni:libvlc:luaModuleCopy UP-TO-DATE
> Task :libvlcjni:libvlc:luaPlaylistCopy UP-TO-DATE
> Task :application:resources:prepareDebugArtProfile UP-TO-DATE
> Task :libvlcjni:libvlc:mergeDebugJniLibFolders UP-TO-DATE
> Task :libvlcjni:libvlc:mergeDebugNativeLibs NO-SOURCE
> Task :libvlcjni:libvlc:stripDebugDebugSymbols NO-SOURCE
> Task :application:resources:prepareLintJarForPublish UP-TO-DATE
> Task :libvlcjni:libvlc:copyDebugJniLibsProjectAndLocalJars UP-TO-DATE
> Task :application:resources:mergeDebugJavaResource UP-TO-DATE
> Task :libvlcjni:libvlc:generateDebugBuildConfig UP-TO-DATE
> Task :application:resources:syncDebugLibJars UP-TO-DATE
> Task :libvlcjni:libvlc:generateDebugResValues UP-TO-DATE
> Task :application:resources:bundleDebugAar UP-TO-DATE
> Task :application:resources:assembleDebug UP-TO-DATE
> Task :libvlcjni:libvlc:generateDebugResources UP-TO-DATE
> Task :libvlcjni:libvlc:packageDebugResources UP-TO-DATE
> Task :libvlcjni:libvlc:processDebugNavigationResources UP-TO-DATE
> Task :libvlcjni:libvlc:parseDebugLocalResources UP-TO-DATE
> Task :libvlcjni:libvlc:generateDebugRFile UP-TO-DATE
> Task :libvlcjni:libvlc:extractDebugAnnotations UP-TO-DATE
> Task :libvlcjni:libvlc:extractDeepLinksForAarDebug UP-TO-DATE
> Task :libvlcjni:libvlc:generateDebugAssets UP-TO-DATE
> Task :libvlcjni:libvlc:mergeDebugAssets UP-TO-DATE
> Task :libvlcjni:libvlc:javaPreCompileDebug UP-TO-DATE
> Task :libvlcjni:libvlc:compileDebugJavaWithJavac UP-TO-DATE
> Task :libvlcjni:libvlc:mergeDebugGeneratedProguardFiles UP-TO-DATE
> Task :libvlcjni:libvlc:mergeDebugConsumerProguardFiles UP-TO-DATE
> Task :application:app:processDebugResources UP-TO-DATE
> Task :libvlcjni:libvlc:prepareDebugArtProfile UP-TO-DATE
> Task :libvlcjni:libvlc:prepareLintJarForPublish UP-TO-DATE
> Task :libvlcjni:libvlc:processDebugManifest UP-TO-DATE
> Task :libvlcjni:libvlc:processDebugJavaRes UP-TO-DATE
> Task :libvlcjni:libvlc:mergeDebugJavaResource UP-TO-DATE
> Task :libvlcjni:libvlc:syncDebugLibJars UP-TO-DATE
> Task :libvlcjni:libvlc:writeDebugAarMetadata UP-TO-DATE
> Task :libvlcjni:libvlc:bundleDebugAar UP-TO-DATE
> Task :libvlcjni:libvlc:assembleDebug UP-TO-DATE
> Task :application:app:dataBindingMergeDependencyArtifactsDebug UP-TO-DATE
> Task :application:app:dataBindingGenBaseClassesDebug UP-TO-DATE
> Task :application:app:compileDebugKotlin UP-TO-DATE
> Task :application:app:compileDebugJavaWithJavac UP-TO-DATE
> Task :application:app:processDebugJavaRes UP-TO-DATE
> Task :application:app:mergeDebugJavaResource UP-TO-DATE
> Task :application:app:dexBuilderDebug UP-TO-DATE
> Task :application:app:mergeDebugNativeLibs UP-TO-DATE
> Task :application:app:stripDebugDebugSymbols UP-TO-DATE
> Task :application:app:mergeDexDebug
> Task :application:app:packageDebug
> Task :application:app:createDebugApkListingFileRedirect
> Task :application:app:assembleDebug

[Incubating] Problems report is available at: file:///app/build/reports/problems/problems-report.html

Deprecated Gradle features were used in this build, making it incompatible with Gradle 10.

You can use '--warning-mode all' to show the individual deprecation warnings and determine if they come from your own scripts or plugins.

For more on this, please refer to https://docs.gradle.org/9.3.1/userguide/command_line_interface.html#sec:command_line_warnings in the Gradle documentation.

BUILD SUCCESSFUL in 33s
421 actionable tasks: 3 executed, 418 up-to-date
Consider enabling configuration cache to speed up this build: https://docs.gradle.org/9.3.1/userguide/configuration_cache_enabling.html
